{
	"name": "exports-replace",
	"version": "1.0.0",
	"description": "exports.behavior settings set to replace",
	"exports": {
		".": {
			"import": "./index.js"
		},
		"./package.json": "./package.json"
	},
	"type": "module"
}
