{
	"name": "files-exclude",
	"version": "1.0.0",
	"description": "files.exclude settings configured",
	"type": "module",
	"exports": {
		"./package.json": "./package.json",
		"./internal": "./internal/index.js",
		".": "./index.js"
	}
}
