{
	"name": "emit-types",
	"version": "1.0.0",
	"description": "emitTypes-disabled",
	"type": "module",
	"exports": {
		"./package.json": "./package.json",
		"./Test.svelte": "./Test.svelte",
		"./Test2.svelte": "./Test2.svelte",
		".": "./index.js"
	}
}
